// Jest Snapshot v1, https://goo.gl/fbAQLP

exports[`<App /> should match snapshot 1`] = `
<div
  className="App"
>
  <div
    className="sc-bZQynM jnymXz"
  >
    <h1
      className="sc-gzVnrw dKTKTm"
    >
      Nasa Photo of the Day
    </h1>
    <div
      className="sc-dnqmqq sc-iwsKbI hAHnKX"
    />
    <div
      className="sc-dnqmqq sc-gZMcBi jCIyUo"
    >
      Loading...
    </div>
    <p
      className="sc-htoDjs hDrDmz"
    />
  </div>
  <div
    style={
      Object {
        "visibility": "hidden",
      }
    }
  >
    in here!
  </div>
</div>
`;
